
===========================================================================
 report_power
============================================================================
======================= nom_tt_025C_1v80 Corner ===================================

Group                    Internal    Switching      Leakage        Total
                            Power        Power        Power        Power (Watts)
------------------------------------------------------------------------
Sequential           1.082991e-03 3.387878e-05 1.064012e-09 1.116870e-03  83.6%
Combinational        1.497558e-04 6.926702e-05 1.312587e-09 2.190241e-04  16.4%
Macro                0.000000e+00 0.000000e+00 0.000000e+00 0.000000e+00   0.0%
Pad                  0.000000e+00 0.000000e+00 0.000000e+00 0.000000e+00   0.0%
------------------------------------------------------------------------
Total                1.232746e-03 1.031459e-04 2.376604e-09 1.335894e-03 100.0%
                            92.3%         7.7%         0.0%

