
===========================================================================
 report_power
============================================================================
======================= max_tt_025C_1v80 Corner ===================================

Group                    Internal    Switching      Leakage        Total
                            Power        Power        Power        Power (Watts)
------------------------------------------------------------------------
Sequential           1.673849e-03 1.239510e-04 1.561161e-09 1.797801e-03  45.0%
Combinational        1.072780e-03 1.125904e-03 7.977198e-09 2.198692e-03  55.0%
Macro                0.000000e+00 0.000000e+00 0.000000e+00 0.000000e+00   0.0%
Pad                  0.000000e+00 0.000000e+00 0.000000e+00 0.000000e+00   0.0%
------------------------------------------------------------------------
Total                2.746630e-03 1.249856e-03 9.538368e-09 3.996495e-03 100.0%
                            68.7%        31.3%         0.0%

