
===========================================================================
 report_power
============================================================================
======================= nom_ss_100C_1v60 Corner ===================================

Group                    Internal    Switching      Leakage        Total
                            Power        Power        Power        Power (Watts)
------------------------------------------------------------------------
Sequential           8.258874e-04 1.626926e-05 1.847631e-06 8.440043e-04  52.2%
Combinational        4.167169e-04 3.535987e-04 3.050128e-06 7.733658e-04  47.8%
Macro                0.000000e+00 0.000000e+00 0.000000e+00 0.000000e+00   0.0%
Pad                  0.000000e+00 0.000000e+00 0.000000e+00 0.000000e+00   0.0%
------------------------------------------------------------------------
Total                1.242604e-03 3.698679e-04 4.897775e-06 1.617370e-03 100.0%
                            76.8%        22.9%         0.3%

