
===========================================================================
 report_power
============================================================================
======================= min_ff_n40C_1v95 Corner ===================================

Group                    Internal    Switching      Leakage        Total
                            Power        Power        Power        Power (Watts)
------------------------------------------------------------------------
Sequential           1.234711e-03 2.467030e-05 1.835171e-09 1.259383e-03  53.1%
Combinational        5.800598e-04 5.333949e-04 8.153854e-09 1.113463e-03  46.9%
Macro                0.000000e+00 0.000000e+00 0.000000e+00 0.000000e+00   0.0%
Pad                  0.000000e+00 0.000000e+00 0.000000e+00 0.000000e+00   0.0%
------------------------------------------------------------------------
Total                1.814771e-03 5.580651e-04 9.989053e-09 2.372846e-03 100.0%
                            76.5%        23.5%         0.0%

