
===========================================================================
 report_power
============================================================================
======================= max_ff_n40C_1v95 Corner ===================================

Group                    Internal    Switching      Leakage        Total
                            Power        Power        Power        Power (Watts)
------------------------------------------------------------------------
Sequential           1.938031e-03 1.477159e-04 2.694695e-09 2.085749e-03  45.1%
Combinational        1.196755e-03 1.340874e-03 1.225022e-08 2.537641e-03  54.9%
Macro                0.000000e+00 0.000000e+00 0.000000e+00 0.000000e+00   0.0%
Pad                  0.000000e+00 0.000000e+00 0.000000e+00 0.000000e+00   0.0%
------------------------------------------------------------------------
Total                3.134786e-03 1.488589e-03 1.494491e-08 4.623391e-03 100.0%
                            67.8%        32.2%         0.0%

