
===========================================================================
 report_power
============================================================================
======================= max_ff_n40C_1v95 Corner ===================================

Group                    Internal    Switching      Leakage        Total
                            Power        Power        Power        Power (Watts)
------------------------------------------------------------------------
Sequential           1.234048e-03 2.609102e-05 1.835171e-09 1.260140e-03  52.3%
Combinational        5.802992e-04 5.696861e-04 8.153854e-09 1.149993e-03  47.7%
Macro                0.000000e+00 0.000000e+00 0.000000e+00 0.000000e+00   0.0%
Pad                  0.000000e+00 0.000000e+00 0.000000e+00 0.000000e+00   0.0%
------------------------------------------------------------------------
Total                1.814347e-03 5.957770e-04 9.989053e-09 2.410134e-03 100.0%
                            75.3%        24.7%         0.0%

