
===========================================================================
 report_power
============================================================================
======================= min_ss_100C_1v60 Corner ===================================

Group                    Internal    Switching      Leakage        Total
                            Power        Power        Power        Power (Watts)
------------------------------------------------------------------------
Sequential           8.262367e-04 1.577949e-05 1.847631e-06 8.438638e-04  52.6%
Combinational        4.163746e-04 3.413518e-04 3.050128e-06 7.607766e-04  47.4%
Macro                0.000000e+00 0.000000e+00 0.000000e+00 0.000000e+00   0.0%
Pad                  0.000000e+00 0.000000e+00 0.000000e+00 0.000000e+00   0.0%
------------------------------------------------------------------------
Total                1.242611e-03 3.571313e-04 4.897775e-06 1.604640e-03 100.0%
                            77.4%        22.3%         0.3%

