
===========================================================================
 report_power
============================================================================
======================= nom_ff_n40C_1v95 Corner ===================================

Group                    Internal    Switching      Leakage        Total
                            Power        Power        Power        Power (Watts)
------------------------------------------------------------------------
Sequential           1.234427e-03 2.539778e-05 1.835171e-09 1.259827e-03  52.7%
Combinational        5.803920e-04 5.515862e-04 8.153854e-09 1.131986e-03  47.3%
Macro                0.000000e+00 0.000000e+00 0.000000e+00 0.000000e+00   0.0%
Pad                  0.000000e+00 0.000000e+00 0.000000e+00 0.000000e+00   0.0%
------------------------------------------------------------------------
Total                1.814819e-03 5.769840e-04 9.989053e-09 2.391813e-03 100.0%
                            75.9%        24.1%         0.0%

