
===========================================================================
 report_power
============================================================================
======================= max_ss_100C_1v60 Corner ===================================

Group                    Internal    Switching      Leakage        Total
                            Power        Power        Power        Power (Watts)
------------------------------------------------------------------------
Sequential           8.255381e-04 1.673597e-05 1.847631e-06 8.441217e-04  51.8%
Combinational        4.170249e-04 3.657849e-04 3.050128e-06 7.858600e-04  48.2%
Macro                0.000000e+00 0.000000e+00 0.000000e+00 0.000000e+00   0.0%
Pad                  0.000000e+00 0.000000e+00 0.000000e+00 0.000000e+00   0.0%
------------------------------------------------------------------------
Total                1.242563e-03 3.825209e-04 4.897775e-06 1.629982e-03 100.0%
                            76.2%        23.5%         0.3%

