
===========================================================================
 report_power
============================================================================
======================= max_tt_025C_1v80 Corner ===================================

Group                    Internal    Switching      Leakage        Total
                            Power        Power        Power        Power (Watts)
------------------------------------------------------------------------
Sequential           1.062704e-03 2.165971e-05 1.063279e-09 1.084364e-03  52.3%
Combinational        5.122100e-04 4.778040e-04 4.869471e-09 9.900189e-04  47.7%
Macro                0.000000e+00 0.000000e+00 0.000000e+00 0.000000e+00   0.0%
Pad                  0.000000e+00 0.000000e+00 0.000000e+00 0.000000e+00   0.0%
------------------------------------------------------------------------
Total                1.574914e-03 4.994637e-04 5.932744e-09 2.074383e-03 100.0%
                            75.9%        24.1%         0.0%

