
===========================================================================
 report_power
============================================================================
======================= nom_tt_025C_1v80 Corner ===================================

Group                    Internal    Switching      Leakage        Total
                            Power        Power        Power        Power (Watts)
------------------------------------------------------------------------
Sequential           1.751769e-03 1.389608e-04 1.562242e-09 1.890732e-03  58.1%
Combinational        8.480701e-04 5.134258e-04 2.259900e-09 1.361498e-03  41.9%
Macro                0.000000e+00 0.000000e+00 0.000000e+00 0.000000e+00   0.0%
Pad                  0.000000e+00 0.000000e+00 0.000000e+00 0.000000e+00   0.0%
------------------------------------------------------------------------
Total                2.599839e-03 6.523866e-04 3.822145e-09 3.252230e-03 100.0%
                            79.9%        20.1%         0.0%

