
===========================================================================
Violator List
============================================================================
[hold in-reg] send_bias[1] -> _1489_/D : -0.259776
[hold in-reg] send_bias[2] -> _1490_/D : -0.259776
[hold in-reg] send_bias[3] -> _1491_/D : -0.259776
[hold in-reg] send_bias[4] -> _1492_/D : -0.259776
[hold in-reg] send_bias[5] -> _1493_/D : -0.259776
[hold in-reg] send_bias[0] -> _1488_/D : -0.259729
[hold in-reg] send_op1[0] -> _1494_/D : -0.246309
[hold in-reg] send_op1[1] -> _1495_/D : -0.246309
[hold in-reg] send_op1[2] -> _1496_/D : -0.246309
[hold in-reg] send_op1[3] -> _1497_/D : -0.246308
[hold in-reg] send_op1[4] -> _1498_/D : -0.246308
[hold in-reg] send_op1[5] -> _1499_/D : -0.246309
[hold in-reg] send_op1[6] -> _1500_/D : -0.246308
[hold in-reg] send_op1[7] -> _1501_/D : -0.246309
[hold in-reg] send_op2[0] -> _1502_/D : -0.246308
[hold in-reg] send_op2[1] -> _1503_/D : -0.246309
[hold in-reg] send_op2[2] -> _1504_/D : -0.246309
[hold in-reg] send_op2[3] -> _1505_/D : -0.246308
[hold in-reg] send_op2[4] -> _1506_/D : -0.246308
[hold in-reg] send_op2[5] -> _1507_/D : -0.246308
[hold in-reg] send_op2[6] -> _1508_/D : -0.246308
[hold in-reg] send_op2[7] -> _1509_/D : -0.229232
[hold in-reg] EN_send -> _1555_/D : -0.163433
