
===========================================================================
 report_power
============================================================================
======================= min_tt_025C_1v80 Corner ===================================

Group                    Internal    Switching      Leakage        Total
                            Power        Power        Power        Power (Watts)
------------------------------------------------------------------------
Sequential           1.674071e-03 1.181466e-04 1.561161e-09 1.792219e-03  45.7%
Combinational        1.071893e-03 1.054985e-03 7.977198e-09 2.126886e-03  54.3%
Macro                0.000000e+00 0.000000e+00 0.000000e+00 0.000000e+00   0.0%
Pad                  0.000000e+00 0.000000e+00 0.000000e+00 0.000000e+00   0.0%
------------------------------------------------------------------------
Total                2.745964e-03 1.173131e-03 9.538368e-09 3.919105e-03 100.0%
                            70.1%        29.9%         0.0%

