
===========================================================================
 report_power
============================================================================
======================= nom_tt_025C_1v80 Corner ===================================

Group                    Internal    Switching      Leakage        Total
                            Power        Power        Power        Power (Watts)
------------------------------------------------------------------------
Sequential           1.673972e-03 1.211433e-04 1.561161e-09 1.795117e-03  45.4%
Combinational        1.072377e-03 1.090080e-03 7.977198e-09 2.162466e-03  54.6%
Macro                0.000000e+00 0.000000e+00 0.000000e+00 0.000000e+00   0.0%
Pad                  0.000000e+00 0.000000e+00 0.000000e+00 0.000000e+00   0.0%
------------------------------------------------------------------------
Total                2.746350e-03 1.211224e-03 9.538368e-09 3.957584e-03 100.0%
                            69.4%        30.6%         0.0%

