
===========================================================================
 report_power
============================================================================
======================= nom_ff_n40C_1v95 Corner ===================================

Group                    Internal    Switching      Leakage        Total
                            Power        Power        Power        Power (Watts)
------------------------------------------------------------------------
Sequential           1.938461e-03 1.444208e-04 2.694695e-09 2.082884e-03  45.5%
Combinational        1.196242e-03 1.298829e-03 1.225022e-08 2.495083e-03  54.5%
Macro                0.000000e+00 0.000000e+00 0.000000e+00 0.000000e+00   0.0%
Pad                  0.000000e+00 0.000000e+00 0.000000e+00 0.000000e+00   0.0%
------------------------------------------------------------------------
Total                3.134702e-03 1.443249e-03 1.494491e-08 4.577966e-03 100.0%
                            68.5%        31.5%         0.0%

